// Jest Snapshot v1, https://goo.gl/fbAQLP

exports[`withIsMobile() should render correctly 1`] = `
<DocumentFragment>
  <h1>
    Mock test
  </h1>
</DocumentFragment>
`;
